// Jest Snapshot v1, https://goo.gl/fbAQLP

exports[`<ShoppingCartItem /> should render ShoppingCartItem component 1`] = `ShallowWrapper {}`;
