// Jest Snapshot v1, https://goo.gl/fbAQLP

exports[`<CustomPagination /> should render CustomPagination component 1`] = `ShallowWrapper {}`;
