// Jest Snapshot v1, https://goo.gl/fbAQLP

exports[`<ItemProduct /> should render ItemProduct component 1`] = `ShallowWrapper {}`;
