// Jest Snapshot v1, https://goo.gl/fbAQLP

exports[`<Navigation /> should render Navigation component 1`] = `ShallowWrapper {}`;
