// Jest Snapshot v1, https://goo.gl/fbAQLP

exports[`<ListProduct /> should render ListProduct component 1`] = `ShallowWrapper {}`;
