// Jest Snapshot v1, https://goo.gl/fbAQLP

exports[`<ListCard /> should render ListCard component 1`] = `ShallowWrapper {}`;
